Collecting optimum
  Downloading optimum-2.1.0-py3-none-any.whl (161 kB)
     ━━━━━━━━━━━━━━━━━━━━━━━━━━━━━━━━━━━━━ 161.2/161.2 KB 252.3 kB/s eta 0:00:00
Collecting torch>=1.11
  Downloading torch-2.12.0-cp310-cp310-manylinux_2_28_x86_64.whl (532.1 MB)
     ━━━━━━━━━━━━━━━━━━━━━━━━━━━━━━━━━━━━━━━ 532.1/532.1 MB 2.6 MB/s eta 0:00:00
Collecting packaging
  Using cached packaging-26.2-py3-none-any.whl (100 kB)
Collecting huggingface_hub>=0.8.0
  Downloading huggingface_hub-1.17.0-py3-none-any.whl (671 kB)
     ━━━━━━━━━━━━━━━━━━━━━━━━━━━━━━━━━━━━━━ 671.5/671.5 KB 10.7 MB/s eta 0:00:00
Collecting transformers>=4.29
  Downloading transformers-5.10.2-py3-none-any.whl (11.0 MB)
     ━━━━━━━━━━━━━━━━━━━━━━━━━━━━━━━━━━━━━━━━ 11.0/11.0 MB 4.5 MB/s eta 0:00:00
Collecting numpy
  Using cached numpy-2.2.6-cp310-cp310-manylinux_2_17_x86_64.manylinux2014_x86_64.whl (16.8 MB)
Collecting pyyaml>=5.1
  Downloading pyyaml-6.0.3-cp310-cp310-manylinux2014_x86_64.manylinux_2_17_x86_64.manylinux_2_28_x86_64.whl (770 kB)
     ━━━━━━━━━━━━━━━━━━━━━━━━━━━━━━━━━━━━━━━ 770.3/770.3 KB 9.7 MB/s eta 0:00:00
Collecting hf-xet<2.0.0,>=1.4.3
  Using cached hf_xet-1.5.0-cp37-abi3-manylinux2014_x86_64.manylinux_2_17_x86_64.whl (4.5 MB)
Collecting typer<0.26.0,>=0.20.0
  Using cached typer-0.25.1-py3-none-any.whl (58 kB)
Collecting fsspec>=2023.5.0
  Using cached fsspec-2026.4.0-py3-none-any.whl (203 kB)
Collecting typing-extensions>=4.1.0
  Using cached typing_extensions-4.15.0-py3-none-any.whl (44 kB)
Collecting click>=8.4.0
  Downloading click-8.4.1-py3-none-any.whl (116 kB)
     ━━━━━━━━━━━━━━━━━━━━━━━━━━━━━━━━━━━━━━ 116.6/116.6 KB 12.9 MB/s eta 0:00:00
Collecting filelock>=3.10.0
  Downloading filelock-3.29.1-py3-none-any.whl (40 kB)
     ━━━━━━━━━━━━━━━━━━━━━━━━━━━━━━━━━━━━━━━━ 40.8/40.8 KB 5.3 MB/s eta 0:00:00
Collecting httpx<1,>=0.23.0
  Using cached httpx-0.28.1-py3-none-any.whl (73 kB)
Collecting tqdm>=4.42.1
  Using cached tqdm-4.67.3-py3-none-any.whl (78 kB)
Collecting jinja2
  Downloading jinja2-3.1.6-py3-none-any.whl (134 kB)
     ━━━━━━━━━━━━━━━━━━━━━━━━━━━━━━━━━━━━━━ 134.9/134.9 KB 12.9 MB/s eta 0:00:00
Collecting sympy>=1.13.3
  Using cached sympy-1.14.0-py3-none-any.whl (6.3 MB)
Collecting cuda-toolkit[cudart,cufft,cufile,cupti,curand,cusolver,cusparse,nvjitlink,nvrtc,nvtx]==13.0.2
  Downloading cuda_toolkit-13.0.2-py2.py3-none-any.whl (2.4 kB)
Collecting triton==3.7.0
  Downloading triton-3.7.0-cp310-cp310-manylinux_2_27_x86_64.manylinux_2_28_x86_64.whl (201.3 MB)
     ━━━━━━━━━━━━━━━━━━━━━━━━━━━━━━━━━━━━━━━ 201.3/201.3 MB 2.3 MB/s eta 0:00:00
Collecting nvidia-cusparselt-cu13==0.8.1
  Downloading nvidia_cusparselt_cu13-0.8.1-py3-none-manylinux2014_x86_64.whl (170.1 MB)
     ━━━━━━━━━━━━━━━━━━━━━━━━━━━━━━━━━━━━━━━ 170.1/170.1 MB 4.5 MB/s eta 0:00:00
Collecting networkx>=2.5.1
  Using cached networkx-3.4.2-py3-none-any.whl (1.7 MB)
Collecting nvidia-cublas<=13.1.1.3,>=13.1.0.3
  Downloading nvidia_cublas-13.1.1.3-py3-none-manylinux_2_27_x86_64.whl (423.1 MB)
     ━━━━╸                                  54.9/423.1 MB 391.2 kB/s eta 0:15:42
ERROR: Exception:
Traceback (most recent call last):
  File "/home/rui/eigenskill-baseline-venv/lib/python3.10/site-packages/pip/_vendor/urllib3/response.py", line 438, in _error_catcher
    yield
  File "/home/rui/eigenskill-baseline-venv/lib/python3.10/site-packages/pip/_vendor/urllib3/response.py", line 519, in read
    data = self._fp.read(amt) if not fp_closed else b""
  File "/home/rui/eigenskill-baseline-venv/lib/python3.10/site-packages/pip/_vendor/cachecontrol/filewrapper.py", line 90, in read
    data = self.__fp.read(amt)
  File "/usr/lib/python3.10/http/client.py", line 471, in read
    s = self.fp.read(amt)
  File "/usr/lib/python3.10/socket.py", line 705, in readinto
    return self._sock.recv_into(b)
  File "/usr/lib/python3.10/ssl.py", line 1303, in recv_into
    return self.read(nbytes, buffer)
  File "/usr/lib/python3.10/ssl.py", line 1159, in read
    return self._sslobj.read(len, buffer)
TimeoutError: The read operation timed out

During handling of the above exception, another exception occurred:

Traceback (most recent call last):
  File "/home/rui/eigenskill-baseline-venv/lib/python3.10/site-packages/pip/_internal/cli/base_command.py", line 165, in exc_logging_wrapper
    status = run_func(*args)
  File "/home/rui/eigenskill-baseline-venv/lib/python3.10/site-packages/pip/_internal/cli/req_command.py", line 205, in wrapper
    return func(self, options, args)
  File "/home/rui/eigenskill-baseline-venv/lib/python3.10/site-packages/pip/_internal/commands/install.py", line 339, in run
    requirement_set = resolver.resolve(
  File "/home/rui/eigenskill-baseline-venv/lib/python3.10/site-packages/pip/_internal/resolution/resolvelib/resolver.py", line 94, in resolve
    result = self._result = resolver.resolve(
  File "/home/rui/eigenskill-baseline-venv/lib/python3.10/site-packages/pip/_vendor/resolvelib/resolvers.py", line 481, in resolve
    state = resolution.resolve(requirements, max_rounds=max_rounds)
  File "/home/rui/eigenskill-baseline-venv/lib/python3.10/site-packages/pip/_vendor/resolvelib/resolvers.py", line 373, in resolve
    failure_causes = self._attempt_to_pin_criterion(name)
  File "/home/rui/eigenskill-baseline-venv/lib/python3.10/site-packages/pip/_vendor/resolvelib/resolvers.py", line 213, in _attempt_to_pin_criterion
    criteria = self._get_updated_criteria(candidate)
  File "/home/rui/eigenskill-baseline-venv/lib/python3.10/site-packages/pip/_vendor/resolvelib/resolvers.py", line 204, in _get_updated_criteria
    self._add_to_criteria(criteria, requirement, parent=candidate)
  File "/home/rui/eigenskill-baseline-venv/lib/python3.10/site-packages/pip/_vendor/resolvelib/resolvers.py", line 172, in _add_to_criteria
    if not criterion.candidates:
  File "/home/rui/eigenskill-baseline-venv/lib/python3.10/site-packages/pip/_vendor/resolvelib/structs.py", line 151, in __bool__
    return bool(self._sequence)
  File "/home/rui/eigenskill-baseline-venv/lib/python3.10/site-packages/pip/_internal/resolution/resolvelib/found_candidates.py", line 155, in __bool__
    return any(self)
  File "/home/rui/eigenskill-baseline-venv/lib/python3.10/site-packages/pip/_internal/resolution/resolvelib/found_candidates.py", line 143, in <genexpr>
    return (c for c in iterator if id(c) not in self._incompatible_ids)
  File "/home/rui/eigenskill-baseline-venv/lib/python3.10/site-packages/pip/_internal/resolution/resolvelib/found_candidates.py", line 47, in _iter_built
    candidate = func()
  File "/home/rui/eigenskill-baseline-venv/lib/python3.10/site-packages/pip/_internal/resolution/resolvelib/factory.py", line 215, in _make_candidate_from_link
    self._link_candidate_cache[link] = LinkCandidate(
  File "/home/rui/eigenskill-baseline-venv/lib/python3.10/site-packages/pip/_internal/resolution/resolvelib/candidates.py", line 288, in __init__
    super().__init__(
  File "/home/rui/eigenskill-baseline-venv/lib/python3.10/site-packages/pip/_internal/resolution/resolvelib/candidates.py", line 158, in __init__
    self.dist = self._prepare()
  File "/home/rui/eigenskill-baseline-venv/lib/python3.10/site-packages/pip/_internal/resolution/resolvelib/candidates.py", line 227, in _prepare
    dist = self._prepare_distribution()
  File "/home/rui/eigenskill-baseline-venv/lib/python3.10/site-packages/pip/_internal/resolution/resolvelib/candidates.py", line 299, in _prepare_distribution
    return preparer.prepare_linked_requirement(self._ireq, parallel_builds=True)
  File "/home/rui/eigenskill-baseline-venv/lib/python3.10/site-packages/pip/_internal/operations/prepare.py", line 487, in prepare_linked_requirement
    return self._prepare_linked_requirement(req, parallel_builds)
  File "/home/rui/eigenskill-baseline-venv/lib/python3.10/site-packages/pip/_internal/operations/prepare.py", line 532, in _prepare_linked_requirement
    local_file = unpack_url(
  File "/home/rui/eigenskill-baseline-venv/lib/python3.10/site-packages/pip/_internal/operations/prepare.py", line 214, in unpack_url
    file = get_http_url(
  File "/home/rui/eigenskill-baseline-venv/lib/python3.10/site-packages/pip/_internal/operations/prepare.py", line 94, in get_http_url
    from_path, content_type = download(link, temp_dir.path)
  File "/home/rui/eigenskill-baseline-venv/lib/python3.10/site-packages/pip/_internal/network/download.py", line 146, in __call__
    for chunk in chunks:
  File "/home/rui/eigenskill-baseline-venv/lib/python3.10/site-packages/pip/_internal/cli/progress_bars.py", line 304, in _rich_progress_bar
    for chunk in iterable:
  File "/home/rui/eigenskill-baseline-venv/lib/python3.10/site-packages/pip/_internal/network/utils.py", line 63, in response_chunks
    for chunk in response.raw.stream(
  File "/home/rui/eigenskill-baseline-venv/lib/python3.10/site-packages/pip/_vendor/urllib3/response.py", line 576, in stream
    data = self.read(amt=amt, decode_content=decode_content)
  File "/home/rui/eigenskill-baseline-venv/lib/python3.10/site-packages/pip/_vendor/urllib3/response.py", line 512, in read
    with self._error_catcher():
  File "/usr/lib/python3.10/contextlib.py", line 153, in __exit__
    self.gen.throw(typ, value, traceback)
  File "/home/rui/eigenskill-baseline-venv/lib/python3.10/site-packages/pip/_vendor/urllib3/response.py", line 443, in _error_catcher
    raise ReadTimeoutError(self._pool, None, "Read timed out.")
pip._vendor.urllib3.exceptions.ReadTimeoutError: HTTPSConnectionPool(host='files.pythonhosted.org', port=443): Read timed out.
